(rows inserted=2)
[COMMIT] failed with rc 299 add key constraint duplicate key 'COMDB2_PK' on table 't1' index 0
(i=1)
(i=2)
(i=1)
(i=2)
(i=3)
(rows inserted=4)
(i=1)
(i=2)
(i=3)
(i=4)
(rows inserted=2)
[COMMIT] failed with rc 299 add key constraint duplicate key 'COMDB2_PK' on table 't2' index 0
(i=1, c='aaa')
(i=2, c='bbb')
(rows inserted=2)
(i=1, c='ccc')
(i=2, c='ddd')
